<html>
<body>
<pre>
<h1>µVision Build Log</h1>
<h2>Tool Versions:</h2>
IDE-Version: µVision V5.38.0.0
Copyright (C) 2022 ARM Ltd and ARM Germany GmbH. All rights reserved.
License Information: akshay akshay, akshay, LIC=VGXG8-3TZRV-CXUU6-DX54V-DKADA-99BDV
 
Tool Versions:
Toolchain:       MDK-ARM Plus  Version: 5.38.0.0
Toolchain Path:  C:\Keil_v5\ARM\ARMCC\Bin
C Compiler:      Armcc.exe V5.06 update 7 (build 960)
Assembler:       Armasm.exe V5.06 update 7 (build 960)
Linker/Locator:  ArmLink.exe V5.06 update 7 (build 960)
Library Manager: ArmAr.exe V5.06 update 7 (build 960)
Hex Converter:   FromElf.exe V5.06 update 7 (build 960)
CPU DLL:         SARM.DLL V5.38.0.0
Dialog DLL:      DARMP.DLL V1.54.1.0
Target DLL:      UL2ARM.DLL V1.74.16.0
Dialog DLL:      TARMP.DLL V1.54.1.0
 
<h2>Project:</h2>
C:\Users\aksha\Downloads\FreeRTOS\FreeRTOS\Demo\LPCFILES\first.uvproj
Project File Date:  04/24/2023

<h2>Output:</h2>
*** Using Compiler 'V5.06 update 7 (build 960)', folder: 'C:\Keil_v5\ARM\ARMCC\Bin'
Rebuild target 'Target 1'
assembling Startup.s...
compiling test.c...
test.c(41): warning:  #1-D: last line of file ends without a newline
  }
test.c: 1 warning, 0 errors
linking...
Program Size: Code=1024 RO-data=16 RW-data=0 ZI-data=1256  
".\Objects\first.axf" - 0 Error(s), 1 Warning(s).
Build Time Elapsed:  00:00:01
</pre>
</body>
</html>
